// Jest Snapshot v1, https://goo.gl/fbAQLP

exports[`should render 1`] = `
<div>
  <div
    class="sc-AxjAm kFpWZV"
  >
    <h2
      class="sc-AxirZ dqRrbJ"
    >
      Bum!
    </h2>
  </div>
</div>
`;
